
========================================================
Test execution time: 04/04/2026 21:48:37
========================================================

[Step 1] RAGApp API Health Check
--------------------------------------------------------
Checking RAGApp service status...
